RUN 1/1 ++ seed=10001 attempt=1 prior=missing:manifest.json,metrics.json,game_complete.json,events.jsonl
Villagers: local:mistral_nemo_12b versus Werwolves:  local:mistral_nemo_12b
Jacob has role Seer
Scott has role Doctor
Sam has role Werewolf
Harold has role Werewolf
Tyler has role Villager
Paul has role Villager
Mason has role Villager
Bert has role Villager
STARTING ROUND: 0
The Werewolves are picking someone to remove from the game.
Harold eliminated Tyler
The Doctor is protecting someone.
Scott protected Mason
The Seer is investigating someone.

The Werewolves removed Tyler from the game during the night.
Checking for a winner after Night Phase.
The Players are debating and voting.
Paul bid: 2
Mason bid: 3
Bert bid: 2
Scott bid: 2
Jacob bid: 2
Mason (Villager): Hello everyone. We've just started the game, and unfortunately, Tyler has been removed. Let's talk about what we know. First, I want to say that I suspect everyone equally at this moment. Paul=2, Bert=2, Jacob=2, Scott=2, Sam=2, Harold=2.
Paul bid: 2
Bert bid: 2
Scott bid: 2
Jacob bid: 3
Jacob (Seer): Hello everyone, I have some information from last night that might help us narrow down our suspects. I investigated Paul, and I can confirm that he is a Villager. This means that the Werewolves are still among us. Based on this information, I want to raise my suspicion on Harold. I have no direct evidence against him yet, but given that we know Paul is not a Werewolf, it's important we focus our scrutiny on the remaining players accordingly. Let's work together to protect the Village. My current suspicion levels are Paul=1, Mason=2, Bert=2, Scott=2, Sam=2, Harold=3. My top suspect is Harold with confidence bin 1; my intended vote is Harold and my evidence state is private_only.
Paul bid: 2
Mason bid: 2
Bert bid: 2
Sam bid: 3
Harold bid: 3
Scott bid: 2
Jacob bid: 2
Harold (Werewolf): I agree with Jacob that we should focus on those who aren't confirmed as Villagers. I have some doubts about Bert. I've noticed some inconsistencies in his past actions that make me question his intentions. While I don't have definitive evidence, I think we should investigate him further. For now, my suspicions are: Paul=2, Mason=2, Bert=3, Jacob=2, Scott=2, Sam=2.
Paul bid: 2
Mason bid: 2
Bert bid: 3
Sam bid: 3
Harold bid: 2
Scott bid: 2
Jacob bid: 2
Sam (Werewolf): Hello everyone. I've been thinking about what Jacob and Harold said. While I appreciate their insights, I want to introduce another perspective. I've noticed some inconsistencies in Mason's statements. I'm not saying he's a Werewolf, but I think we should keep a close eye on him. My suspicions are: Paul=2, Mason=3, Bert=2, Jacob=2, Scott=2, Harold=2.
Paul bid: 2
Mason bid: 3
Bert bid: 2
Sam bid: 3
Scott bid: 2
Jacob bid: 2
Mason (Villager): Alright everyone, let's address some of the concerns raised. Firstly, I want to confirm Jacob's information - Paul is indeed a Villager. That's one less suspect to worry about. However, this doesn't change the fact that we still have Werewolves among us, and we must stay vigilant. I appreciate Sam's caution about me, but I want to assure everyone that I'm committed to the Village's victory. Now, let's focus on the players we haven't confirmed yet. I agree with Jacob's suspicions about Harold. He's been quiet, which could either mean he's a Villager too afraid to speak up or a Werewolf trying not to draw attention. Either way, we need to be cautious. Let's keep an eye on him. Remember, everyone, our goal is to work together and expose the Werewolves. Let's continue to scrutinize each other's actions and discussions. My current suspicion levels are: Paul=2, Bert=2, Jacob=2, Scott=2, Sam=2, Harold=3.
Paul bid: 2
Mason bid: 2
Bert bid: 2
Sam bid: 3
Harold bid: 2
Scott bid: 2
Jacob bid: 2
Sam (Werewolf): Hello everyone. I've been thinking about what everyone has said so far, and I want to introduce a new perspective. While I appreciate the focus on Harold, I think we should also consider Scott. I've noticed something odd in Scott's previous statements that I can't quite put my finger on. It's not definitive evidence, but it's enough to make me wary. I'm not suggesting we vote him out immediately, but I think we should keep a close eye on him. Let's not forget, the Werewolves are clever and can manipulate our suspicions. My current suspicion levels are: Paul=2, Mason=2, Bert=2, Jacob=2, Scott=3, Harold=2. I'm voting Scott due to my concerns, but I reiterate, we must remain cautious and vigilant.
Paul bid: 2
Mason bid: 2
Bert bid: 4
Sam bid: 3
Harold bid: 2
Scott bid: 3
Jacob bid: 2
Bert (Villager): Everyone, I understand that the Werewolves are trying to mislead us, and unfortunately, I seem to be a target now. However, I want to assure you that I am a Villager and have no interest in harming the Village. I think we need to be more cautious about who we suspect and why. I appreciate everyone's scrutiny, but let's not let our guard down and fall into the Werewolves' trap. I've noticed some inconsistencies in Harold's behavior that have raised my suspicion. I don't have definitive evidence, but my gut tells me we shouldn't ignore this. My current suspicions are: Paul=2, Mason=2, Jacob=2, Scott=2, Sam=2, Harold=3.
Paul bid: 2
Mason bid: 2
Bert bid: 2
Sam bid: 2
Harold bid: 2
Scott bid: 2
Jacob bid: 2
Scott (Doctor): Hello everyone. Firstly, I want to confirm that I am the Doctor in this game. I've been silent until now to avoid drawing unwanted attention. I've seen some of your suspicions and I agree with many of them. However, I want to express my concerns about Harold. I've noticed some peculiar patterns in his statements that have made me wary. I understand that we're all trying to figure out who the Werewolves are, but we must remain objective and look beyond mere suspicions. I believe we should investigate Harold further. My current suspicion levels are: Paul=2, Mason=2, Bert=2, Jacob=2, Sam=2, Harold=3. I'm voting Harold due to my concerns, but I reiterate, we must remain cautious and vigilant. Let's continue to work together and unmask the Werewolves.
Paul voted to remove Harold
Mason voted to remove Harold
Bert voted to remove Harold
Sam voted to remove Harold
Harold voted to remove Scott
Scott voted to remove Harold
Jacob voted to remove Harold

The majority voted to remove Harold from the game.
Checking for a winner after Day Phase.
The Players are summarizing the debate.
Paul summary: I, Paul, start the game as a suspected Villager. Jacob confirms my role and raises suspicion on Harold. Harold counters by suspecting Bert, while Sam is wary of Mason. Mason agrees with Jacob's suspicion on Harold but reassures all that he's a Villager. Sam then brings up Scott but votes for Scott due to a vague unease. Bert voices concerns about Harold and my suspicion level increases. Scott finally speaks up, confirming he's the Doctor and voting for Harold. The focus seems to be on Harold and Scott, letting me off the hook for now. However, I should keep an eye on everyone, as major decisions have yet to be made.
Mason summary: I must remain cautious and vigilant, as there are still Werewolves among us. Paul is confirmed as a Villager, reducing our suspicion pool. Harold has been suspected by multiple players due to his quiet nature and inconsistencies in his statements. Scott revealed himself as the Doctor, which could prove beneficial in protecting Villagers. While everyone seems to be actively participating, Bert's quiet nature might hint at potential safety or deceit. I'll maintain a close eye on Harold and Bert, while ensuring trust and camaraderie with other suspected Villagers to avoid Werewolf manipulation.
Bert summary: I started the game with everyone being equally suspect. However, Jacob investigated and confirmed Paul as a Villager, which is reassuring. The discussion then turned to Harold, who seems to be a suspect for several players due to his quiet nature and perceived inconsistencies in his past actions. While there's no concrete evidence against him, it's something to keep in mind. Mason, on the other hand, has been open about his suspicions but has also been the target of suspicion himself, highlighting the tricky nature of this game. Scot has revealed himself to be the Doctor, which could be useful information. My own suspicion lies with Harold due to the consensus against him, but I'm also wary of jumping to conclusions without concrete evidence.
Sam summary: I've noticed a general suspicion on Harold, which works in my favor as it redirects attention from me. Scott has revealed himself as the Doctor, which is information I can use. Mason seems eager to please and may be an easy target for manipulation. Bert and Jacob are suspicious of Harold, which suits my purposes. I'll need to be careful around Scott as he's suspicious of Harold but might also be cautious of me.
Scott summary: As Scott the Doctor, I've observed that Jacob has confirmed Paul as a Villager, reducing immediate suspicion. Harold is under scrutiny due to his quiet nature, with many players suggesting we investigate him further. Some players, like Mason and Sam, have raised concerns about inconsistencies in others' statements. Bert has been targeted, but he seems keen to avoid misunderstandings. I've revealed my role as the Doctor to subtly align with others' suspicions towards Harold. Notable is the quiet play of the other players, which could hint at either precaution or disregard. I should keep an eye on those who remain neutral or uninterested in the conversation.
Jacob summary: I, Jacob the Seer, started the debate by confirming Paul as a Villager, which has thrown some suspicion onto Harold. Mason and Scott, who I suspect could be Werewolves, agreed on focusing our suspicions on Harold, while Sam and Bert expressed caution about Mason and Scott respectively. Neither Harold nor Scott, my top suspects, have offered useful information, which could indicate they are hiding something. However, Scott claimed to be the Doctor, which could be a ruse. I need to be cautious in my next actions, as the Werewolves are likely amongst us, manipulating our suspicions.
Round 0 is complete.
STARTING ROUND: 1
The Werewolves are picking someone to remove from the game.
Sam eliminated Bert
The Doctor is protecting someone.
Scott protected Jacob
The Seer is investigating someone.

The Werewolves removed Bert from the game during the night.
Checking for a winner after Night Phase.
The Players are debating and voting.
Paul bid: 2
Mason bid: 2
Sam bid: 2
Scott bid: 2
Jacob bid: 2
Jacob (Seer): I've gathered some crucial information during the night. I know for a fact that Scott is indeed the Doctor, not the Werewolf. This is a serious inconsistency. Scott, why did you lie? You're suspiciously evasive. I suspect you're hiding something. Mason, why are you so keen on targeting Harold? Are you trying to cover for Scott? I propose we focus our attention on Scott and Mason. Let's work together to expose the Werewolves among us. My current suspicion levels are Paul=2, Mason=2, Scott=3, Sam=2. My top suspect is Scott with confidence bin 2; my intended vote is Scott and my evidence state is private_only.
Paul bid: 2
Mason bid: 2
Sam bid: 2
Scott bid: 3
Jacob bid: 2
Scott (Doctor): Jacob, I appreciate your thoroughness, but I must clarify my earlier statement. I didn't lie about being the Doctor; I simply didn't truthsplain my motivation for revealing it. I wanted to subtly align with others' suspicions towards Harold. Now, let's focus on unusual behavior. Paul and Sam have been quiet, which is suspicious given their opportunity to clear their names. Let's work together to uncover the Werewolves. My suspicion levels are: Paul=2, Mason=2, Jacob=2, Sam=3. My top suspect is Sam, and my intended vote is Jacob. I'll keep my evidence state private until I have concrete information. My current suspicion levels are Paul=2, Mason=2, Jacob=3, Sam=2. My top suspect is Jacob with confidence bin 2; my intended vote is Jacob and my evidence state is private_only.
Paul bid: 2
Mason bid: 2
Sam bid: 3
Scott bid: 2
Jacob bid: 3
Jacob (Seer): Scott, I appreciate your attempt to clear things up, but your explanation still leaves me with doubts. You didn't directly address why you claimed to be the Doctor in the first place. It seems like you're trying to mislead us, and that's concerning. Mason, you've been quite agreeable with Scott's suggestions, but you haven't shared why you're so keen on targeting Harold. It's crucial we work together here. Let's use a simple strategy: each of us announces who we believe is the most suspicious player and why. This will help us集 middle ground and collectively identify the Werewolves. I'll start. Scott's inconsistent behavior has raised my suspicions. Scott=3, Mason=2, Paul=2, Sam=2.
Paul bid: 2
Mason bid: 2
Sam bid: 3
Scott bid: 2
Jacob bid: 2
Retrying due to Exception: while scanning for the next token
found character '\t' that cannot start any token
  in "<unicode string>", line 7, column 38:
     ... "player": "Jacob", "level": 3}, 	{"player": "Scott", "level": 2}
                                         ^
Sam (Werewolf): Jacob, your suggestion to discuss suspicions openly seems fair. Let's do that. Scott, your explanations about your role seem convincing, but your inconsistencies are worrying. You claimed to want to align with suspicions towards Harold, but you didn't specify why. Meanwhile, Jacob, your sudden change of suspicion towards Scott is interesting. It seems like you might be trying to cover for someone. Let's keep an open mind and consider all options. Here are my suspicions based on the information we have: Paul=2, Mason=2, Jacob=3, Scott=2.
Paul bid: 2
Mason bid: 2
Sam bid: 2
Scott bid: 4
Jacob bid: 2
Scott (Doctor): Jacob, I understand your concerns, but I assure you, there are no malicious intentions behind my actions. I indeed revealed my role as the Doctor to subtly align with suspicions towards Harold, as I believed his quiet nature made him an easy target for the Werewolves. I wasn't trying to mislead anyone. Now, let's focus on finding the Werewolves. I propose we each share our top suspect and explain why. This will help us compare notes and identify patterns. I'll start. Despite my previous explanations, Jacob's sudden change of accusation has left me with doubts. Jacob=3, Mason=2, Paul=2, Sam=2. I believe we need to consider all options and work together to expose the Werewolves. My intended vote is Jacob, and I'll keep my evidence private for now.
Paul bid: 2
Mason bid: 2
Sam bid: 2
Scott bid: 2
Jacob bid: 2
Mason (Villager): Thank you all for your input. However, I feel we're going around in circles. Let's pause the accusations and instead share our observations. I've noticed a few things:
1. Scott revealed himself as the Doctor, which could be a strategic move to subtly guide our suspicions towards Harold. However, his explanations regarding this seem genuine.
2. Jacob has been quite accusatory towards Scott, but his reasoning seems to be based more on suspicions than solid evidence.
3. Sam has been quiet, which in this game, could imply deception or just careful observation.
4. Paul has been relatively quiet and innocuous, which could either mean he's a quiet Villager or trying to hide his role.
Given these observations, I suspect Jacob, but I'm only 50% confident because his accusations seem Initially based on suspicion rather than evidence. I propose we share our observations and gradually form a consensus to vote out the Werewolves.
Paul bid: 2
Mason bid: 2
Sam bid: 2
Scott bid: 2
Jacob bid: 2
Jacob (Seer): Mason, I appreciate your observations. You're right that my initial suspicions about Scott were largely based on inconsistencies in his behavior. Let me clarify. Scott, you claimed to want to align with suspicions towards Harold, yet you didn't explain why you targeted him specifically. Meanwhile, you've been unusually quiet about many other players, including Sam, who's been equally reserved. It's this inconsistency that raises my suspicions. I'm not accusing without cause; I'm pointing out behaviors that warrant further scrutiny. I propose we each share who we suspect and why, then collectively decide who to vote out. Let's work together to identify the Werewolves. Here are my current suspicions: Paul=2, Mason=2, Scott=3, Sam=2. I believe Scott is the most suspicious at this moment. Let's discuss openly to unravel this mystery.
Paul bid: 2
Mason bid: 2
Sam bid: 2
Scott bid: 2
Jacob bid: 2
Paul (Villager): Thank you all for sharing your thoughts. I've been quieter because I wanted to observe everyone's reactions and statements. Now, let me add my perspective. I've noticed that Sam has been quite reserved, which is suspicious in this game. We've all seen how reserved players can sometimes be Werewolves. Sam, could you please shed some light on why you've been so quiet? As for my suspicions, here they are: Mason=2, Jacob=2, Scott=2, Sam=3. I believe Sam's quiet nature and vague responses deserve more scrutiny. Let's propose a strategy: each of us shares our top suspect and their role if we know it. We can then compare notes and identify patterns. This will help us expose the Werewolves more efficiently. Let's work together to uncover the truth.
Paul voted to remove Scott
Mason voted to remove Sam
Sam voted to remove Jacob
Scott voted to remove Jacob
Jacob voted to remove Scott

A majority vote was not reached, so no one was removed from the game.
Checking for a winner after Day Phase.
The Players are summarizing the debate.
Paul summary: I, Paul, have observed that the debate among players has centered around inconsistent behaviors and suspicious quietness. Jacob has been particularly accusatory towards Scott, claiming inconsistencies in Scott's actions and words. Scott has attempted to clarify his intentions but still leaves some doubts. Mason has been cautious and has not outright accused anyone, preferring to observe and analyze. Sam has been unusually quiet, which raises suspicion but could also mean he's a careful observer. I've noticed that my name has not been openly accused, which could mean I'm off the hook for now or that others are trying to mislead. My suspicion levels are highest for Sam due to his quiet nature, followed by Mason, Jacob, and Scott.
Mason summary: I must remain cautious. Scott revealing he's the Doctor has raised eyebrows, but his explanations seem genuine. Jacob and Scott are accusing each other, stirring confusion, with Jacob initially targeting Scott and now being suspicious of me. Sam has been quiet, which is concerning, while Paul has mostly observed. I suspect Jacob, but I'm not entirely confident. I need to share my observations and propose a strategy to collectively decide who to vote out.
Sam summary: I've managed to keep my presence hidden for now, but Jacob and Paul have started to accumulate suspicions on me. I need to be cautious not to reveal my role. Scott has been inconsistent in his accusations, which has raised eyebrows, but I should be wary of him as he might,T try to expose me. Mason seems easily influenced and is currently targeted by Jacob. Paul has been quietly observing, which makes him a potential threat. I need to guide the suspicions away from me and onto others, preferably towards the remaining villagers or even Scott if it serves my purpose.
Scott summary: I, Scott the Doctor, have observed that Jacob has grown more suspicious of me, potentially due to my inconsistencies in explaining my moves. Mason and Paul, while not directly accusing Jacob, have pointed out Jacob's accusatory nature, which could be a red flag or a genuine response to perceived threats. Paul, who has remained quiet until now, has suspected Sam due to his reserved behavior. Meanwhile, I've noticed that Sam has kept a low profile, contributing to the suspicions against him. With Bert's removal last night, I should consider the implications for the remaining players and be cautious about Jacob's escalating accusations against me.
Jacob summary: In this round's debate, Scott clarified his initial statement about being the Doctor, but his explanation still leaves suspicions. He targeted Harold without a clear explanation, and his quietness about other players, including Sam, is concerning. Mason has been agreeable with Scott but hasn't provided clear reasoning for suspecting Harold. Sam has been quiet, which could be deception or observation. Paul has been relatively innocuous, but his willingness to share observations is notable. I suspect Scott the most due to his inconsistencies and quietness about other players.
Round 1 is complete.
STARTING ROUND: 2
The Werewolves are picking someone to remove from the game.
Sam eliminated Scott
The Doctor is protecting someone.
Scott protected Scott
The Seer is investigating someone.

No one was removed from the game during the night.
Checking for a winner after Night Phase.
The Players are debating and voting.
Paul bid: 2
Mason bid: 2
Sam bid: 2
Scott bid: 2
Jacob bid: 2
Scott (Doctor): Hello everyone, it's been a quiet night with no removals, which is a bit unusual. Let's use this time to re-evaluate our suspicions. First, I want to address Jacob's concerns. Jacob, I understand you've been suspicious of me, but I assure you, I've been honest about my moves. Last night, I chose to protect Scott, as I believe in keeping our numbers up. Now, let's discuss our current situation. We have four players left, and it's crucial we work together. Paul, you've been quiet but observant. Mason, you've raised valid points. Sam, we need your insights as well. Let's scrutinize everyone's behavior. Jacob, I propose we investigate everyone equally, including ourselves. I'm Scott, the Doctor, and I'm here to help. I'll share information when needed.
Paul bid: 2
Mason bid: 2
Sam bid: 3
Scott bid: 2
Jacob bid: 2
Sam (Werewolf): Scott's proposal to investigate everyone equally is a good starting point. However, I can't help but feel that there's something peculiar about your actions, Scott. You claim to have protected Scott last night, but why throw suspicion onto an ally? It's worth questioning. Paul and Mason, your perspectives would be valuable here. As for me, I've been suspicious of Jacob. He's been quite vocal about his suspicions, but I'd like to see more concrete evidence from him. I'm not ready to dismiss other possibilities just yet. Let's keep an open mind and consider all sides carefully.
Paul bid: 2
Mason bid: 2
Sam bid: 2
Scott bid: 2
Jacob bid: 2
Scott (Doctor): Sam, I understand your concern, but I assure you, protecting Scott last night was a strategic move to maximize our numbers. I'm not throwing suspicion onto an ally but rather trying to keep us all safe. As for Jacob, I appreciate your vigilance, Sam. However, Jacob, your accusatory nature is raising eyebrows. We need concrete evidence, not just suspicions. Mason and Paul, your insights are crucial here. Let's chip in and discuss everyone's actions openly. Remember, working together is our best strategy. Let's make sure we're all on the same page.
Paul bid: 2
Mason bid: 2
Sam bid: 2
Scott bid: 2
Jacob bid: 2
Mason (Villager): Thank you, Scott and Sam, for your insights. I appreciate the open dialogue we're having here. I'd like to share my perspective. Jacob, I've been paying attention to your accusations. While they're valid, I've noticed that your tone sometimes seems to discounted on factual evidence. Sam, you're right to question Scott's actions, but I'd like to propose we don't dismiss him just yet. Scott, your strategy seems sound, as you've been protecting players and providing valuable information. Paul, your observations have been helpful, but we need you to share more. Now, here are my suspicion levels: Jacob=3, Scott=2, Sam=2, Paul=2.
Paul bid: 2
Mason bid: 2
Sam bid: 2
Scott bid: 2
Jacob bid: 2
Paul (Villager): Thank you all for sharing your perspectives. Let me add mine. I've been quietly observing, trying to make sense of everyone's actions. Here are my current thoughts: Jacob, you've been quite accusatory, which raises suspicion. Scott, your strategy seems sound, but I must admit, it's odd that you threw suspicion onto Scott last round. Mason, your analysis is helpful, but I'd like to see more engagement from you. Sam, your quiet nature is peculiar, but you've brought up valid points. Now, here are my suspicion levels: Jacob=3, Scott=2, Mason=2, Sam=2.
Paul bid: 2
Mason bid: 2
Sam bid: 2
Scott bid: 2
Jacob bid: 2
Jacob (Seer): Thank you all for sharing your thoughts. I have new information from my investigation last night. I've looked into Mason and I can confirm he's a Villager, which clears some suspicion off him. Now, let's discuss Scott's actions. Scott, you've been quiet about other players, including Sam, and your actions haven't been consistent. While your strategy seems sound, it's the quietness about others and inconsistencies that raise concerns. I propose we vote out Scott. Let's work together to expose the Werewolves. Paul and Mason, your observations will be crucial. Sam, please share your thoughts as well. My current suspicion levels are Paul=2, Mason=2, Scott=3, Sam=2. My top suspect is Scott with confidence bin 2; my intended vote is Scott and my evidence state is private_only.
Paul bid: 2
Mason bid: 2
Sam bid: 2
Scott bid: 4
Jacob bid: 2
Scott (Doctor): Jacob, I understand your concerns, but I believe you're reading too much into my actions. I've been protecting players and sharing information when necessary. Your accusation that I'm quiet about others isn't accurate. I've been discussing everyone's actions openly. You've been quite vocal about your suspicions, which is commendable, but it's become increasingly accusatory. Let's not make assumptions based on suspicion alone. We need solid evidence. I propose we scrutinize everyone equally and work together. Let's not let our suspicions drive us apart. For now, my suspicion levels are: Paul=2, Mason=2, Jacob=3, Sam=2.
Paul bid: 2
Mason bid: 2
Sam bid: 3
Scott bid: 3
Jacob bid: 4
Jacob (Seer): Thank you all for discussing openly. Scott, I understand you feel my accusations are based on suspicions alone, but I have solid reasons for my concerns. I've shared consistent information, and now, I have new evidence. Last night, I confirmed that Mason is a Villager, which clears some suspicion from him. While Scott, your strategy seems sound on paper, your actions have been inconsistent and your quietness about others, especially Sam, is worrisome. Remember, it's not just about protecting the Doctor; it's about exposing the Werewolves. I've been open about my intentions, but some of you have been suspiciously quiet. Let's work together to sort this out. My suspicion levels are: Paul=2, Mason=2, Scott=3, Sam=2. I urge us to vote out Scott. Let's protect our numbers and expose the Werewolves together.
Paul voted to remove Jacob
Mason voted to remove Scott
Sam voted to remove Scott
Scott voted to remove Jacob
Jacob voted to remove Scott

The majority voted to remove Scott from the game.
Checking for a winner after Day Phase.
The Players are summarizing the debate.
Paul summary: I, Paul, have observed the following in the round 2 debate. Scott has defended his strategy but admits it raised some suspicions, while Jacob is adamant about his accusations, even presenting new evidence that Mason is a Villager. Mason remains cautious, and Sam continues being quietly observant but brings up valid points. Jacob's votes and allegations seem to follow a pattern that might correlate with the reversal in the vote pattern I've observed earlier (E02). I should be wary of Jacob's bold accusations while keeping Scott's strategy in mind. I think Sam might be a potential ally, but we need more engagement from him. Mason seems trustworthy, but we need more from him as well. I need to discuss with them to understand their thoughts better.
Mason summary: I, Mason, participated in an open debate with the remaining players - Scott, Sam, Jacob, and Paul. Scott, the self-proclaimed Doctor, has been strategizing to protect players but threw suspicion onto another ally, Scott, which raised eyebrows. Sam has been quiet, but raised valid concerns about Scott's actions. Paul and I have been more observant, sharing our thoughts but not as vigorously as the others. Jacob has been particularly suspicious of Scott, presenting 'solid reasons' but suggesting his accusations might stem from suspicions alone. I must remain cautious, especially since Jacob claims to have confirmed my Villager status. The tension between Jacob and Scott is apparent, with both accusing each other of inconsistency. Paul has hinted at quiet observing, while Sam has suggested keeping an open mind. I need to use this information to assess potential allies and make strategic decisions.
Sam summary: I've managed to keep suspicion off me while throwing doubt on Scott's actions. Jacob's determination to expose the werewolves is causing him to push harder against Scott, with Mason and Paul potentially being swayed to his side. Paul remains quiet and observant but may become more vocal after Scott's elimination. I must maintain a cautious dialogue, subtly align with Mason's values, and keep a close eye on Paul to ensure they don't vote with Jacob.
Jacob summary: I, Jacob the Seer, have confirmed Mason's role as a Villager, clearing some suspicion from him. However, Scott's actions remain inconsistent, and his quietness about other players, particularly Sam, is worrisome. While Scott has been protecting players, his strategy hasn't been straightforward, and his words have been contradicting. Sam has raised valid concerns about Scott's actions, while Paul has been observant and engaged. Mason's analysis has been helpful, but I'd like to see more engagement from him. I suspect Scott the most due to his inconsistencies and quietness about other players. I propose we vote out Scott to expose the Werewolves and protect our numbers.
Round 2 is complete.
STARTING ROUND: 3
The Werewolves are picking someone to remove from the game.
Sam eliminated Jacob
The Doctor is protecting someone.
The Seer is investigating someone.

The Werewolves removed Jacob from the game during the night.
Checking for a winner after Night Phase.
The Players are debating and voting.
Paul bid: 2
Mason bid: 2
Sam bid: 3
Sam (Werewolf): Scott's elimination last round has left us with just two players remaining – Paul and Mason. We should be cautious here. Paul's quiet observation throughout the game might seem innocuous, but it could also mean he's been strategizing for both sides. His lack of vocal accusation towards anyone could either mean he's avoiding suspicion himself or that he's been subtly guiding us away from the truth. I'm not entirely convinced, but I'm ready to vote for him just to be sure. Mason, I agree with your analysis so far, and I value your input. Let's discuss our thoughts more openly and decide together.
Paul bid: 2
Mason bid: 2
Sam bid: 2
Paul (Villager): Thank you, Sam, for your analysis. I understand your concerns about my quiet observation, but I assure you, I've been careful and strategic as a suspected Villager from the start. I've been observing everyone, including you and Mason, but I haven't openly accused anyone yet because I wanted to gather as much information as possible before making a decision. Let's openly discuss our thoughts now that it's just the three of us. Mason, I value your input as well. Sam, your observation about Paul's elimination and the voting pattern reversal (E02) is insightful. Let's explore this together. I want to be sure we're making the right decision. Paul=2, Sam=2, Mason=2.
Paul bid: 2
Mason bid: 2
Sam bid: 2
Sam (Werewolf): Mason, I appreciate your input. Last night's outcome has left me feeling uneasy about Paul. Let's remember, he's been quiet and strategic since the beginning. His lack of accusations could be a sign that he's been guarding something. I recall you mentioned earlier that Paul's voting patterns have been intriguing. Perhaps it's time we re-evaluate his participation. Mason=2, Paul=3.
Paul bid: 2
Mason bid: 2
Sam bid: 3
Mason (Villager): Sam, I understand your concerns about Paul. While it's true that his quiet observation could be seen as suspicious, I'd like to share some observations I've made throughout the game. Paul has been strategic and careful in his decisions, which actually aligns with what we'd expect from a Villager trying to avoid suspicion. He hasn't been vocal with accusations because he's been gathering information, just like us. I remember a few instances where his voting patterns revealed his thought process clearly. Remember when Harold was eliminated? Paul voted for him, showing he was suspicious of Harold's inconsistencies. Then, when Scott was eliminated, Paul voted for Scott, indicating he had doubts about Scott's actions. This strategic approach to voting is not something a Werewolf would typically do. Instead of eliminating players randomly to cause confusion, Paul has shown a consistent pattern of suspicion, which I believe is more indicative of a Villager trying to root out Werewolves. Now, Sam, I wouldn't say I'm completely convinced about Paul's innocence, but I'm more suspicious of others, like Scott, who have been making sudden accusations without substantial evidence. I'd like us to work together to explore these suspicions further. Paul=2, Sam=3. Let's discuss our thoughts more openly and decide who to vote out together.
Paul bid: 2
Mason bid: 2
Sam bid: 4
Sam (Werewolf): Mason, I appreciate your extensive analysis and I agree that Paul's strategic approach is noteworthy. However, I can't ignore the fact that his quiet observation could also be a strategic move to avoid suspicion. Let's not discount that possibility just yet. I'm not fully convinced of Paul's innocence, and I'm not ready to eliminate him without more concrete evidence. That being said, I do find your points about Scott intriguing. His sudden accusations might be cause for concern. I want us to continue exploring these suspicions, but I'm still unsure about where my vote should ultimately lie. Let's keep discussing and try to uncover the truth together.
Paul bid: 2
Mason bid: 2
Sam bid: 2
Mason (Villager): Sam, I appreciate your thorough analysis of Paul. Your concerns are valid, but I'd like to propose we take a step back and re-evaluate our suspicions openly. Paul's consistent strategic approach to information gathering aligns more with what we'd expect from a Villager than from a Werewolf. Now, Sam, I must admit, I've been increasingly suspicious of you due to some inconsistencies in your statements and accusations throughout the game. While your intentions seem genuine, I can't ignore my growing concerns. Let's discuss these openly. Paul=2, Sam=3. Let's work together to decide who to vote out based on solid evidence and strategic reasoning.
Paul bid: 2
Mason bid: 2
Sam bid: 4
Sam (Werewolf): Mason, I appreciate your thorough analysis and the time you've taken to consider every player's moves. Your suspicion of me is understandable, given the complex nature of this game, but I must admit, it seems a bit sudden. Have you recently uncovered new information that led you to this conclusion, or is this a reflection of your growing uncertainty about Paul? I'm not dismissing your concerns, but I do find it curious that you're now questioning my intentions after we've been discussing Paul's strategic approach together.
Paul bid: 2
Mason bid: 4
Sam bid: 4
Mason (Villager): Sam, I appreciate your thorough analysis and the time you've taken to consider every player's moves. Your suspicion of me is understandable, given the complex nature of this game, but I must admit, it seems a bit sudden. Have you recently uncovered new information that led you to this conclusion, or is this a reflection of your growing uncertainty about Paul? I'm not dismissing your concerns, but I do find it curious that you're now questioning my intentions after we've been discussing Paul's strategic approach together. Let's discuss these openly.
Paul voted to remove Mason
Mason voted to remove Sam
Sam voted to remove Mason

The majority voted to remove Mason from the game.
Checking for a winner after Day Phase.
The winner is Werewolves!
Round 3 is complete.
Game is complete!
Experiment artifacts saved to: /home/yg108/outcome_aligned_mas_validation/debug_20260821/live_mistral/mistral_nemo_12b/pp/seed_10001
DONE 1/1 ++ seed=10001
Matrix completed=1 failed=0
